{
    "schemes": {{ marshal .Schemes }},
    "swagger": "2.0",
    "info": {
        "description": "{{escape .Description}}",
        "title": "{{.Title}}",
        "contact": {},
        "version": "{{.Version}}"
    },
    "host": "{{.Host}}",
    "basePath": "{{.BasePath}}",
    "paths": {
        "/info": {
            "get": {
                "security": [
                    {
                        "ApiKeyAuth": [],
                        "OAuth2AccessCode": [],
                        "OAuth2Application": [],
                        "OAuth2Implicit": [],
                        "OAuth2Password": []
                    }
                ],
                "description": "Get info claim",
                "consumes": [
                    "application/json"
                ],
                "produces": [
                    "application/json"
                ],
                "tags": [
                    "info"
                ],
                "summary": "Get info claim",
                "responses": {
                    "200": {
                        "description": "OK",
                        "schema": {
                            "type": "object",
                            "additionalProperties": true
                        }
                    },
                    "404": {
                        "description": "Not Found",
                        "schema": {
                            "type": "object",
                            "additionalProperties": true
                        }
                    }
                }
            }
        },
        "/ping": {
            "get": {
                "description": "Ping",
                "consumes": [
                    "text/plain"
                ],
                "produces": [
                    "text/plain"
                ],
                "summary": "Ping",
                "responses": {
                    "200": {
                        "description": "pong",
                        "schema": {
                            "type": "string"
                        }
                    }
                }
            }
        },
        "/role/{role}": {
            "get": {
                "security": [
                    {
                        "ApiKeyAuth": [],
                        "OAuth2AccessCode": [],
                        "OAuth2Application": [],
                        "OAuth2Implicit": [],
                        "OAuth2Password": []
                    }
                ],
                "description": "Check my role",
                "consumes": [
                    "application/json"
                ],
                "produces": [
                    "application/json"
                ],
                "tags": [
                    "info"
                ],
                "summary": "Check my role",
                "parameters": [
                    {
                        "type": "string",
                        "description": "role",
                        "name": "role",
                        "in": "path",
                        "required": true
                    }
                ],
                "responses": {
                    "200": {
                        "description": "OK",
                        "schema": {
                            "type": "object",
                            "additionalProperties": true
                        }
                    },
                    "404": {
                        "description": "Not Found",
                        "schema": {
                            "type": "object",
                            "additionalProperties": true
                        }
                    }
                }
            }
        },
        "/role/{scope}": {
            "get": {
                "security": [
                    {
                        "ApiKeyAuth": [],
                        "OAuth2AccessCode": [],
                        "OAuth2Application": [],
                        "OAuth2Implicit": [],
                        "OAuth2Password": []
                    }
                ],
                "description": "Check my scope",
                "consumes": [
                    "application/json"
                ],
                "produces": [
                    "application/json"
                ],
                "tags": [
                    "info"
                ],
                "summary": "Check my scope",
                "parameters": [
                    {
                        "type": "string",
                        "description": "scope",
                        "name": "scope",
                        "in": "path",
                        "required": true
                    }
                ],
                "responses": {
                    "200": {
                        "description": "OK",
                        "schema": {
                            "type": "object",
                            "additionalProperties": true
                        }
                    },
                    "404": {
                        "description": "Not Found",
                        "schema": {
                            "type": "object",
                            "additionalProperties": true
                        }
                    }
                }
            }
        },
        "/value": {
            "post": {
                "security": [
                    {
                        "ApiKeyAuth": [],
                        "OAuth2AccessCode": [],
                        "OAuth2Application": [],
                        "OAuth2Implicit": [],
                        "OAuth2Password": []
                    }
                ],
                "description": "Post value",
                "consumes": [
                    "application/json"
                ],
                "produces": [
                    "application/json"
                ],
                "tags": [
                    "restricted"
                ],
                "summary": "Post value",
                "responses": {
                    "200": {
                        "description": "OK",
                        "schema": {
                            "type": "object",
                            "additionalProperties": true
                        }
                    },
                    "403": {
                        "description": "Forbidden",
                        "schema": {
                            "type": "object",
                            "additionalProperties": true
                        }
                    },
                    "404": {
                        "description": "Not Found",
                        "schema": {
                            "type": "object",
                            "additionalProperties": true
                        }
                    }
                }
            }
        }
    },
    "securityDefinitions": {
        "ApiKeyAuth": {
            "description": "Description for what is this security definition being used",
            "type": "apiKey",
            "name": "Authorization",
            "in": "header"
        },
        "OAuth2AccessCode": {
            "type": "oauth2",
            "flow": "accessCode",
            "authorizationUrl": "https://example.com/oauth2/authorize",
            "tokenUrl": "https://example.com/oauth2/token"
        },
        "OAuth2Application": {
            "type": "oauth2",
            "flow": "application",
            "tokenUrl": "https://example.com/oauth2/token"
        },
        "OAuth2Implicit": {
            "type": "oauth2",
            "flow": "implicit",
            "authorizationUrl": "https://example.com/oauth2/authorize"
        },
        "OAuth2Password": {
            "type": "oauth2",
            "flow": "password",
            "tokenUrl": "https://example.com/oauth2/token"
        }
    }
}